﻿
> transee-navigation-app@0.0.1 build
> vite build

[36mvite v6.3.5 [32mbuilding for production...[36m[39m
transforming...
[32mΓ£ô[39m 2041 modules transformed.
node.exe : [31mΓ£ù[39m Build failed in 4.07s
At line:1 char:1
+ & "C:\Program Files\nodejs/node.exe" "C:\Program Files\nodejs/node_mo ...
+ ~~~~~~~~~~~~~~~~~~~~~~~~~~~~~~~~~~~~~~~~~~~~~~~~~~~~~~~~~~~~~~~~~~~~~
    + CategoryInfo          : NotSpecified: ([31mΓ£ù[39m Build failed in 4.07s:String) [], RemoteException
    + FullyQualifiedErrorId : NativeCommandError
 
[31merror during build:
[31m[vite-plugin-pwa:build] There was an error during the build:
  src/app/components/RouteFinder.tsx (11:17): "Walk" is not exported by 
"node_modules/lucide-react/dist/esm/lucide-react.js", imported by "src/app/components/RouteFinder.tsx".
Additionally, handling the error in the 'buildEnd' hook caused the following error:
  src/app/components/RouteFinder.tsx (11:17): "Walk" is not exported by 
"node_modules/lucide-react/dist/esm/lucide-react.js", imported by "src/app/components/RouteFinder.tsx".[31m
file: [36mC:/Users/DELL/Desktop/Public Transport Navigation App/src/app/components/RouteFinder.tsx:11:17[31m
[33m
 9: import { LocationSearch } from './LocationSearch';
10: import { findNearestStop } from '../utils/geocoding';
11: import { MapPin, Walk, Bike, Bus, Info } from 'lucide-react';
                     ^
12: 
13: interface RouteFinderProps {
[31m
    at getRollupError (file:///C:/Users/DELL/Desktop/Public%20Transport%20Navigation%20App/node_modules/rollup/dist/es/
shared/parseAst.js:406:41)
    at file:///C:/Users/DELL/Desktop/Public%20Transport%20Navigation%20App/node_modules/rollup/dist/es/shared/node-entr
y.js:23883:39
    at async catchUnfinishedHookActions (file:///C:/Users/DELL/Desktop/Public%20Transport%20Navigation%20App/node_modul
es/rollup/dist/es/shared/node-entry.js:23341:16)
    at async rollupInternal (file:///C:/Users/DELL/Desktop/Public%20Transport%20Navigation%20App/node_modules/rollup/di
st/es/shared/node-entry.js:23866:5)
    at async buildEnvironment (file:///C:/Users/DELL/Desktop/Public%20Transport%20Navigation%20App/node_modules/vite/di
st/node/chunks/dep-DBxKXgDP.js:46206:14)
    at async Object.defaultBuildApp [as buildApp] (file:///C:/Users/DELL/Desktop/Public%20Transport%20Navigation%20App/
node_modules/vite/dist/node/chunks/dep-DBxKXgDP.js:46684:5)
    at async CAC.<anonymous> 
(file:///C:/Users/DELL/Desktop/Public%20Transport%20Navigation%20App/node_modules/vite/dist/node/cli.js:863:7)[39m
